$ tsc -p tsconfig.build.json
::endgroup::
::group::@w2f/wtf-packager:build
cache miss, executing 1b72349c15b968da
$ tsc -p tsconfig.build.json
::endgroup::
::group::@w2f/responsive-capture:build
cache miss, executing 253059c77c95aee0
$ tsc -p tsconfig.build.json
::endgroup::
::group::@w2f/pixel-ground-truth:typecheck
cache miss, executing 1998a54ca146a7c6
$ tsc -p tsconfig.json --noEmit
::endgroup::
::group::@w2f/capture-core:build
cache miss, executing 45ad6affe6891ed2
$ tsc -p tsconfig.build.json
::endgroup::
::group::@w2f/responsive-capture:typecheck
cache miss, executing 73656bb69b76bf0e
$ tsc -p tsconfig.json --noEmit
::endgroup::
::group::@w2f/w2f-ir:build
cache miss, executing 3980aaf88372acf8
$ tsc -p tsconfig.build.json
::endgroup::
::group::@w2f/w2f-ir:typecheck
cache miss, executing 0438ee8139ce6de0
$ tsc -p tsconfig.json --noEmit
::endgroup::
::group::@w2f/pixel-ground-truth:build
cache miss, executing e25595ec8e50ff55
$ tsc -p tsconfig.build.json
::endgroup::
::group::@w2f/capture-core:typecheck
cache miss, executing 122c390511385e3d
$ tsc -p tsconfig.json --noEmit
::endgroup::
::group::@w2f/wtf-packager:typecheck
cache miss, executing d2a55eb1c98d58c2
$ tsc -p tsconfig.json --noEmit
::endgroup::
::group::@w2f/layout-analyzer:build
cache miss, executing d8d933bacf0effb5
$ tsc -p tsconfig.build.json
::endgroup::
::group::@w2f/responsive-inference:build
cache miss, executing c6a8313b6546f7c0
$ tsc -p tsconfig.build.json
::endgroup::
::group::@w2f/cdp-capture-adapter:build
cache miss, executing e12658fcf463fc2f
$ tsc -p tsconfig.build.json
::endgroup::
::group::@w2f/environment-capture:build
cache miss, executing 53ca33e32f20466d
$ tsc -p tsconfig.build.json
::endgroup::
::group::@w2f/css-cascade:build
cache miss, executing bfb1828212276383
$ tsc -p tsconfig.build.json
::endgroup::
::group::@w2f/environment-capture:typecheck
cache miss, executing 58e0fd52fb6d9e0a
$ tsc -p tsconfig.json --noEmit
::endgroup::
::group::@w2f/compositing-engine:build
cache miss, executing 1e8b1f99262c4ad4
$ tsc -p tsconfig.build.json
::endgroup::
::group::@w2f/stable-identity:build
cache miss, executing 0a0805903f86aaa6
$ tsc -p tsconfig.build.json
::endgroup::
::group::@w2f/stable-identity:typecheck
cache miss, executing 4c46a28ac726be0f
$ tsc -p tsconfig.json --noEmit
::endgroup::
::group::@w2f/responsive-inference:typecheck
cache miss, executing 5ba1d9707c7a5afc
$ tsc -p tsconfig.json --noEmit
::endgroup::
::group::@w2f/layout-analyzer:typecheck
cache miss, executing 85d725ea30d64ba1
$ tsc -p tsconfig.json --noEmit
::endgroup::
::group::@w2f/figma-plugin:typecheck
cache miss, executing 893ce328a31af2ed
$ tsc -p tsconfig.json --noEmit
::endgroup::
::group::@w2f/compositing-engine:typecheck
cache miss, executing 0857327783af6faf
$ tsc -p tsconfig.json --noEmit
::endgroup::
::group::@w2f/css-cascade:typecheck
cache miss, executing 0adfa8327bb2b133
$ tsc -p tsconfig.json --noEmit
::endgroup::
::group::@w2f/asset-resolver:build
cache miss, executing d00461a88319d78c
$ tsc -p tsconfig.build.json
::endgroup::
::group::@w2f/table-layout-engine:build
cache miss, executing 126c2e79fe1509de
$ tsc -p tsconfig.build.json
::endgroup::
::group::@w2f/cdp-capture-adapter:typecheck
cache miss, executing 20ca558e67d03cb3
$ tsc -p tsconfig.json --noEmit
::endgroup::
::group::@w2f/table-layout-engine:typecheck
cache miss, executing c0a4b075e4dae6ed
$ tsc -p tsconfig.json --noEmit
::endgroup::
::group::@w2f/asset-resolver:typecheck
cache miss, executing 972457bf743617aa
$ tsc -p tsconfig.json --noEmit
::endgroup::
::group::@w2f/render-tree-optimizer:build
cache miss, executing 096d77e2fb74b3c3
$ tsc -p tsconfig.build.json
::endgroup::
::group::@w2f/standard-capture-adapter:build
cache miss, executing dae238a58c736cf4
$ tsc -p tsconfig.build.json
::endgroup::
::group::@w2f/render-tree-optimizer:typecheck
cache miss, executing 6cc37d385f39f098
$ tsc -p tsconfig.json --noEmit
::endgroup::
::group::@w2f/standard-capture-adapter:typecheck
cache miss, executing df42d16a987f2a16
$ tsc -p tsconfig.json --noEmit
::endgroup::
::group::@w2f/browser-extension:typecheck
cache miss, executing c1df50b9bd467a40
$ tsc -p tsconfig.json --noEmit
::endgroup::

 Tasks:    39 successful, 39 total
Cached:    0 cached, 39 total
  Time:    31.148s 

$ turbo run test

   • Packages in scope: @w2f/asset-resolver, @w2f/browser-extension, @w2f/capture-core, @w2f/cdp-capture-adapter, @w2f/compositing-engine, @w2f/css-cascade, @w2f/environment-capture, @w2f/figma-plugin, @w2f/layout-analyzer, @w2f/pixel-ground-truth, @w2f/render-tree-optimizer, @w2f/responsive-capture, @w2f/responsive-inference, @w2f/shared-utils, @w2f/source-providers, @w2f/stable-identity, @w2f/standard-capture-adapter, @w2f/table-layout-engine, @w2f/w2f-ir, @w2f/w2f-schema, @w2f/wtf-packager
   • Running test in 21 packages
   • Remote caching disabled

::group::@w2f/w2f-schema:build
cache hit, replaying logs 5017a4674538a0b7
$ tsc -p tsconfig.build.json
::endgroup::
::group::@w2f/source-providers:build
cache hit, replaying logs 05a6b49ad6ede1f5
$ tsc -p tsconfig.build.json
::endgroup::
::group::@w2f/w2f-ir:build
cache hit, replaying logs 3980aaf88372acf8
$ tsc -p tsconfig.build.json
::endgroup::
::group::@w2f/pixel-ground-truth:build
cache hit, replaying logs e25595ec8e50ff55
$ tsc -p tsconfig.build.json
::endgroup::
::group::@w2f/capture-core:build
cache hit, replaying logs 45ad6affe6891ed2
$ tsc -p tsconfig.build.json
::endgroup::
::group::@w2f/responsive-capture:build
cache hit, replaying logs 253059c77c95aee0
$ tsc -p tsconfig.build.json
::endgroup::
::group::@w2f/wtf-packager:build
cache hit, replaying logs 1b72349c15b968da
$ tsc -p tsconfig.build.json
::endgroup::
::group::@w2f/source-providers:test
cache miss, executing 5b0a4de63059419b
$ vitest run

[1m[30m[46m RUN [49m[39m[22m [36mv4.1.11 [39m[90m/home/runner/work/Web-To-Figma/Web-To-Figma/packages/source-providers[39m

 [32m✓[39m test/local-folder.test.ts [2m([22m[2m7 tests[22m[2m)[22m[32m 23[2mms[22m[39m
 [32m✓[39m test/providers.test.ts [2m([22m[2m6 tests[22m[2m)[22m[32m 35[2mms[22m[39m

[2m Test Files [22m [1m[32m2 passed[39m[22m[90m (2)[39m
[2m      Tests [22m [1m[32m13 passed[39m[22m[90m (13)[39m
[2m   Start at [22m 14:46:05
[2m   Duration [22m 977ms[2m (transform 333ms, setup 0ms, import 551ms, tests 57ms, environment 0ms)[22m

::endgroup::
::group::@w2f/responsive-capture:test
cache miss, executing 87562747f8ed2291
$ vitest run

[1m[30m[46m RUN [49m[39m[22m [36mv4.1.11 [39m[90m/home/runner/work/Web-To-Figma/Web-To-Figma/packages/responsive-capture[39m

 [32m✓[39m test/responsive-capture.test.ts [2m([22m[2m7 tests[22m[2m)[22m[32m 95[2mms[22m[39m

[2m Test Files [22m [1m[32m1 passed[39m[22m[90m (1)[39m
[2m      Tests [22m [1m[32m7 passed[39m[22m[90m (7)[39m
[2m   Start at [22m 14:46:05
[2m   Duration [22m 1.32s[2m (transform 305ms, setup 0ms, import 435ms, tests 95ms, environment 0ms)[22m

::endgroup::
::group::@w2f/css-cascade:build
cache hit, replaying logs bfb1828212276383
$ tsc -p tsconfig.build.json
::endgroup::
::group::@w2f/w2f-schema:test
cache miss, executing 9ec15ef0fdc1e12b
$ vitest run

[1m[30m[46m RUN [49m[39m[22m [36mv4.1.11 [39m[90m/home/runner/work/Web-To-Figma/Web-To-Figma/packages/w2f-schema[39m

 [32m✓[39m test/index.test.ts [2m([22m[2m15 tests[22m[2m)[22m[32m 85[2mms[22m[39m

[2m Test Files [22m [1m[32m1 passed[39m[22m[90m (1)[39m
[2m      Tests [22m [1m[32m15 passed[39m[22m[90m (15)[39m
[2m   Start at [22m 14:46:05
[2m   Duration [22m 1.48s[2m (transform 432ms, setup 0ms, import 549ms, tests 85ms, environment 0ms)[22m

::endgroup::
::group::@w2f/capture-core:test
cache miss, executing b8ba9f689bebcd40
$ vitest run

[1m[30m[46m RUN [49m[39m[22m [36mv4.1.11 [39m[90m/home/runner/work/Web-To-Figma/Web-To-Figma/packages/capture-core[39m

 [32m✓[39m test/raw-snapshot.test.ts [2m([22m[2m7 tests[22m[2m)[22m[32m 44[2mms[22m[39m

[2m Test Files [22m [1m[32m1 passed[39m[22m[90m (1)[39m
[2m      Tests [22m [1m[32m7 passed[39m[22m[90m (7)[39m
[2m   Start at [22m 14:46:06
[2m   Duration [22m 1.16s[2m (transform 342ms, setup 0ms, import 426ms, tests 44ms, environment 0ms)[22m

::endgroup::
::group::@w2f/compositing-engine:build
cache hit, replaying logs 1e8b1f99262c4ad4
$ tsc -p tsconfig.build.json
::endgroup::
::group::@w2f/environment-capture:build
cache hit, replaying logs 53ca33e32f20466d
$ tsc -p tsconfig.build.json
::endgroup::
::group::@w2f/layout-analyzer:build
cache hit, replaying logs d8d933bacf0effb5
$ tsc -p tsconfig.build.json
::endgroup::
::group::@w2f/responsive-inference:build
cache hit, replaying logs c6a8313b6546f7c0
$ tsc -p tsconfig.build.json
::endgroup::
::group::@w2f/stable-identity:build
cache hit, replaying logs 0a0805903f86aaa6
$ tsc -p tsconfig.build.json
::endgroup::
::group::@w2f/wtf-packager:test
cache miss, executing caf959e1a69067b6
$ vitest run

[1m[30m[46m RUN [49m[39m[22m [36mv4.1.11 [39m[90m/home/runner/work/Web-To-Figma/Web-To-Figma/packages/wtf-packager[39m

 [32m✓[39m test/packager.test.ts [2m([22m[2m5 tests[22m[2m)[22m[33m 568[2mms[22m[39m
     [33m[2m✓[22m[39m builds canonical manifest/checksums and deterministic ZIP bytes [33m 322[2mms[22m[39m

[2m Test Files [22m [1m[32m1 passed[39m[22m[90m (1)[39m
[2m      Tests [22m [1m[32m5 passed[39m[22m[90m (5)[39m
[2m   Start at [22m 14:46:05
[2m   Duration [22m 1.76s[2m (transform 543ms, setup 0ms, import 668ms, tests 568ms, environment 0ms)[22m

::endgroup::
::group::@w2f/css-cascade:test
cache miss, executing def2268569e49fbd
$ vitest run

[1m[30m[46m RUN [49m[39m[22m [36mv4.1.11 [39m[90m/home/runner/work/Web-To-Figma/Web-To-Figma/packages/css-cascade[39m

 [32m✓[39m test/capture.test.ts [2m([22m[2m2 tests[22m[2m)[22m[32m 36[2mms[22m[39m
 [32m✓[39m test/css-cascade.test.ts [2m([22m[2m9 tests[22m[2m)[22m[32m 72[2mms[22m[39m

[2m Test Files [22m [1m[32m2 passed[39m[22m[90m (2)[39m
[2m      Tests [22m [1m[32m11 passed[39m[22m[90m (11)[39m
[2m   Start at [22m 14:46:06
[2m   Duration [22m 1.26s[2m (transform 412ms, setup 0ms, import 716ms, tests 108ms, environment 0ms)[22m

::endgroup::
::group::@w2f/shared-utils:test
cache miss, executing 6ff15e30bdfa5afd
$ vitest run

[1m[30m[46m RUN [49m[39m[22m [36mv4.1.11 [39m[90m/home/runner/work/Web-To-Figma/Web-To-Figma/packages/shared-utils[39m

 [32m✓[39m test/index.test.ts [2m([22m[2m2 tests[22m[2m)[22m[32m 22[2mms[22m[39m

[2m Test Files [22m [1m[32m1 passed[39m[22m[90m (1)[39m
[2m      Tests [22m [1m[32m2 passed[39m[22m[90m (2)[39m
[2m   Start at [22m 14:46:06
[2m   Duration [22m 1.08s[2m (transform 130ms, setup 0ms, import 219ms, tests 22ms, environment 0ms)[22m

::endgroup::
::group::@w2f/cdp-capture-adapter:build
cache hit, replaying logs e12658fcf463fc2f
$ tsc -p tsconfig.build.json
::endgroup::
::group::@w2f/pixel-ground-truth:test
cache miss, executing 70ae4900b50032fd
$ vitest run

[1m[30m[46m RUN [49m[39m[22m [36mv4.1.11 [39m[90m/home/runner/work/Web-To-Figma/Web-To-Figma/packages/pixel-ground-truth[39m

 [32m✓[39m test/pixel-ground-truth.test.ts [2m([22m[2m4 tests[22m[2m)[22m[32m 83[2mms[22m[39m

[2m Test Files [22m [1m[32m1 passed[39m[22m[90m (1)[39m
[2m      Tests [22m [1m[32m4 passed[39m[22m[90m (4)[39m
[2m   Start at [22m 14:46:06
[2m   Duration [22m 1.41s[2m (transform 299ms, setup 0ms, import 409ms, tests 83ms, environment 0ms)[22m

::endgroup::
::group::@w2f/layout-analyzer:test
cache miss, executing 63e68045f6b8893b
$ vitest run

[1m[30m[46m RUN [49m[39m[22m [36mv4.1.11 [39m[90m/home/runner/work/Web-To-Figma/Web-To-Figma/packages/layout-analyzer[39m

 [32m✓[39m test/geometry.test.ts [2m([22m[2m3 tests[22m[2m)[22m[32m 70[2mms[22m[39m
 [32m✓[39m test/layout-analyzer.test.ts [2m([22m[2m7 tests[22m[2m)[22m[32m 85[2mms[22m[39m

[2m Test Files [22m [1m[32m2 passed[39m[22m[90m (2)[39m
[2m      Tests [22m [1m[32m10 passed[39m[22m[90m (10)[39m
[2m   Start at [22m 14:46:06
[2m   Duration [22m 1.19s[2m (transform 350ms, setup 0ms, import 569ms, tests 155ms, environment 0ms)[22m

::endgroup::
::group::@w2f/asset-resolver:build
cache hit, replaying logs d00461a88319d78c
$ tsc -p tsconfig.build.json
::endgroup::
::group::@w2f/table-layout-engine:build
cache hit, replaying logs 126c2e79fe1509de
$ tsc -p tsconfig.build.json
::endgroup::
::group::@w2f/w2f-ir:test
cache miss, executing cf62d88049912daf
$ vitest run

[1m[30m[46m RUN [49m[39m[22m [36mv4.1.11 [39m[90m/home/runner/work/Web-To-Figma/Web-To-Figma/packages/w2f-ir[39m

 [32m✓[39m test/validation.test.ts [2m([22m[2m10 tests[22m[2m)[22m[32m 56[2mms[22m[39m
 [32m✓[39m test/roundtrip.test.ts [2m([22m[2m6 tests[22m[2m)[22m[32m 112[2mms[22m[39m

[2m Test Files [22m [1m[32m2 passed[39m[22m[90m (2)[39m
[2m      Tests [22m [1m[32m16 passed[39m[22m[90m (16)[39m
[2m   Start at [22m 14:46:06
[2m   Duration [22m 1.51s[2m (transform 624ms, setup 0ms, import 892ms, tests 167ms, environment 0ms)[22m

::endgroup::
::group::@w2f/standard-capture-adapter:build
cache hit, replaying logs dae238a58c736cf4
$ tsc -p tsconfig.build.json
::endgroup::
::group::@w2f/compositing-engine:test
cache miss, executing 1ee0e25f7da80e29
$ vitest run

[1m[30m[46m RUN [49m[39m[22m [36mv4.1.11 [39m[90m/home/runner/work/Web-To-Figma/Web-To-Figma/packages/compositing-engine[39m

 [32m✓[39m test/compositing-engine.test.ts [2m([22m[2m8 tests[22m[2m)[22m[32m 162[2mms[22m[39m

[2m Test Files [22m [1m[32m1 passed[39m[22m[90m (1)[39m
[2m      Tests [22m [1m[32m8 passed[39m[22m[90m (8)[39m
[2m   Start at [22m 14:46:10
[2m   Duration [22m 1.31s[2m (transform 368ms, setup 0ms, import 465ms, tests 162ms, environment 0ms)[22m

::endgroup::
::group::@w2f/render-tree-optimizer:build
cache hit, replaying logs 096d77e2fb74b3c3
$ tsc -p tsconfig.build.json
::endgroup::
::group::@w2f/environment-capture:test
cache miss, executing 98a3af92ffcdd317
$ vitest run

[1m[30m[46m RUN [49m[39m[22m [36mv4.1.11 [39m[90m/home/runner/work/Web-To-Figma/Web-To-Figma/packages/environment-capture[39m

 [32m✓[39m test/compatibility.test.ts [2m([22m[2m2 tests[22m[2m)[22m[32m 50[2mms[22m[39m
 [32m✓[39m test/environment-capture.test.ts [2m([22m[2m6 tests[22m[2m)[22m[32m 124[2mms[22m[39m

[2m Test Files [22m [1m[32m2 passed[39m[22m[90m (2)[39m
[2m      Tests [22m [1m[32m8 passed[39m[22m[90m (8)[39m
[2m   Start at [22m 14:46:10
[2m   Duration [22m 1.28s[2m (transform 496ms, setup 0ms, import 827ms, tests 174ms, environment 0ms)[22m

::endgroup::
::group::@w2f/responsive-inference:test
cache miss, executing 97073a09d78fb103
$ vitest run

[1m[30m[46m RUN [49m[39m[22m [36mv4.1.11 [39m[90m/home/runner/work/Web-To-Figma/Web-To-Figma/packages/responsive-inference[39m

 [32m✓[39m test/responsive-inference.test.ts [2m([22m[2m7 tests[22m[2m)[22m[32m 108[2mms[22m[39m

[2m Test Files [22m [1m[32m1 passed[39m[22m[90m (1)[39m
[2m      Tests [22m [1m[32m7 passed[39m[22m[90m (7)[39m
[2m   Start at [22m 14:46:11
[2m   Duration [22m 1.36s[2m (transform 273ms, setup 0ms, import 351ms, tests 108ms, environment 0ms)[22m

::endgroup::
::group::@w2f/stable-identity:test
cache miss, executing f123c6e15374f221
$ vitest run

[1m[30m[46m RUN [49m[39m[22m [36mv4.1.11 [39m[90m/home/runner/work/Web-To-Figma/Web-To-Figma/packages/stable-identity[39m

 [32m✓[39m test/mapping.test.ts [2m([22m[2m4 tests[22m[2m)[22m[32m 103[2mms[22m[39m
 [32m✓[39m test/identity.test.ts [2m([22m[2m7 tests[22m[2m)[22m[32m 207[2mms[22m[39m

[2m Test Files [22m [1m[32m2 passed[39m[22m[90m (2)[39m
[2m      Tests [22m [1m[32m11 passed[39m[22m[90m (11)[39m
[2m   Start at [22m 14:46:10
[2m   Duration [22m 1.57s[2m (transform 698ms, setup 0ms, import 1.07s, tests 310ms, environment 0ms)[22m

::endgroup::
::group::@w2f/cdp-capture-adapter:test
cache miss, executing bcf6d31933af506d
$ vitest run

[1m[30m[46m RUN [49m[39m[22m [36mv4.1.11 [39m[90m/home/runner/work/Web-To-Figma/Web-To-Figma/packages/cdp-capture-adapter[39m

 [32m✓[39m test/normalize.test.ts [2m([22m[2m5 tests[22m[2m)[22m[32m 75[2mms[22m[39m

[2m Test Files [22m [1m[32m1 passed[39m[22m[90m (1)[39m
[2m      Tests [22m [1m[32m5 passed[39m[22m[90m (5)[39m
[2m   Start at [22m 14:46:10
[2m   Duration [22m 1.39s[2m (transform 398ms, setup 0ms, import 473ms, tests 75ms, environment 0ms)[22m

::endgroup::
::group::@w2f/figma-plugin:test
cache miss, executing 1a81d379f17879b6
$ vitest run

[1m[30m[46m RUN [49m[39m[22m [36mv4.1.11 [39m[90m/home/runner/work/Web-To-Figma/Web-To-Figma/apps/figma-plugin[39m

 [32m✓[39m test/protocol.test.ts [2m([22m[2m4 tests[22m[2m)[22m[32m 36[2mms[22m[39m
 [32m✓[39m test/intake-state.test.ts [2m([22m[2m5 tests[22m[2m)[22m[32m 40[2mms[22m[39m
 [32m✓[39m test/index.test.ts [2m([22m[2m3 tests[22m[2m)[22m[32m 16[2mms[22m[39m

[2m Test Files [22m [1m[32m3 passed[39m[22m[90m (3)[39m
[2m      Tests [22m [1m[32m12 passed[39m[22m[90m (12)[39m
[2m   Start at [22m 14:46:10
[2m   Duration [22m 1.63s[2m (transform 872ms, setup 0ms, import 1.32s, tests 92ms, environment 1ms)[22m

::endgroup::
::group::@w2f/asset-resolver:test
cache miss, executing 7ac01d4f5d17e510
$ vitest run

[1m[30m[46m RUN [49m[39m[22m [36mv4.1.11 [39m[90m/home/runner/work/Web-To-Figma/Web-To-Figma/packages/asset-resolver[39m

 [32m✓[39m test/discovery-acquisition.test.ts [2m([22m[2m5 tests[22m[2m)[22m[32m 70[2mms[22m[39m
 [32m✓[39m test/asset-resolver.test.ts [2m([22m[2m4 tests[22m[2m)[22m[32m 72[2mms[22m[39m

[2m Test Files [22m [1m[32m2 passed[39m[22m[90m (2)[39m
[2m      Tests [22m [1m[32m9 passed[39m[22m[90m (9)[39m
[2m   Start at [22m 14:46:11
[2m   Duration [22m 1.65s[2m (transform 793ms, setup 0ms, import 1.11s, tests 142ms, environment 11ms)[22m

::endgroup::
::group::@w2f/table-layout-engine:test
cache miss, executing 9d12ac162d807dbb
$ vitest run

[1m[30m[46m RUN [49m[39m[22m [36mv4.1.11 [39m[90m/home/runner/work/Web-To-Figma/Web-To-Figma/packages/table-layout-engine[39m

 [32m✓[39m test/table-layout-engine.test.ts [2m([22m[2m4 tests[22m[2m)[22m[32m 93[2mms[22m[39m

[2m Test Files [22m [1m[32m1 passed[39m[22m[90m (1)[39m
[2m      Tests [22m [1m[32m4 passed[39m[22m[90m (4)[39m
[2m   Start at [22m 14:46:11
[2m   Duration [22m 1.19s[2m (transform 330ms, setup 0ms, import 397ms, tests 93ms, environment 0ms)[22m

::endgroup::
::group::@w2f/standard-capture-adapter:test
cache miss, executing 3f08e7da86c92a4d
$ vitest run

[1m[30m[46m RUN [49m[39m[22m [36mv4.1.11 [39m[90m/home/runner/work/Web-To-Figma/Web-To-Figma/packages/standard-capture-adapter[39m

 [32m✓[39m test/privacy.test.ts [2m([22m[2m3 tests[22m[2m)[22m[32m 12[2mms[22m[39m
 [32m✓[39m test/capture-contract.test.ts [2m([22m[2m3 tests[22m[2m)[22m[32m 6[2mms[22m[39m

[2m Test Files [22m [1m[32m2 passed[39m[22m[90m (2)[39m
[2m      Tests [22m [1m[32m6 passed[39m[22m[90m (6)[39m
[2m   Start at [22m 14:46:12
[2m   Duration [22m 691ms[2m (transform 314ms, setup 0ms, import 405ms, tests 18ms, environment 0ms)[22m

::endgroup::
::group::@w2f/render-tree-optimizer:test
cache miss, executing 17e2e32f916966b5
$ vitest run

[1m[30m[46m RUN [49m[39m[22m [36mv4.1.11 [39m[90m/home/runner/work/Web-To-Figma/Web-To-Figma/packages/render-tree-optimizer[39m

 [32m✓[39m test/render-tree-optimizer.test.ts [2m([22m[2m5 tests[22m[2m)[22m[32m 80[2mms[22m[39m

[2m Test Files [22m [1m[32m1 passed[39m[22m[90m (1)[39m
[2m      Tests [22m [1m[32m5 passed[39m[22m[90m (5)[39m
[2m   Start at [22m 14:46:12
[2m   Duration [22m 1.23s[2m (transform 412ms, setup 0ms, import 507ms, tests 80ms, environment 0ms)[22m

::endgroup::
::group::@w2f/browser-extension:test
cache miss, executing b5b5ba3fb59c5b37
$ vitest run

[1m[30m[46m RUN [49m[39m[22m [36mv4.1.11 [39m[90m/home/runner/work/Web-To-Figma/Web-To-Figma/apps/browser-extension[39m

 [32m✓[39m test/job-state.test.ts [2m([22m[2m5 tests[22m[2m)[22m[32m 12[2mms[22m[39m
 [32m✓[39m test/css-cascade-runtime.test.ts [2m([22m[2m3 tests[22m[2m)[22m[32m 20[2mms[22m[39m
 [32m✓[39m test/responsive-inference-runtime.test.ts [2m([22m[2m3 tests[22m[2m)[22m[32m 23[2mms[22m[39m
 [32m✓[39m test/layout-analysis-runtime.test.ts [2m([22m[2m2 tests[22m[2m)[22m[32m 17[2mms[22m[39m
 [32m✓[39m test/protocol.test.ts [2m([22m[2m4 tests[22m[2m)[22m[32m 10[2mms[22m[39m
 [32m✓[39m test/responsive-capture-runtime.test.ts [2m([22m[2m2 tests[22m[2m)[22m[32m 30[2mms[22m[39m
 [32m✓[39m test/table-layout-runtime.test.ts [2m([22m[2m1 test[22m[2m)[22m[32m 9[2mms[22m[39m
 [32m✓[39m test/render-tree-runtime.test.ts [2m([22m[2m1 test[22m[2m)[22m[32m 50[2mms[22m[39m
 [32m✓[39m test/region-selection.test.ts [2m([22m[2m5 tests[22m[2m)[22m[32m 8[2mms[22m[39m
 [32m✓[39m test/environment-runtime.test.ts [2m([22m[2m3 tests[22m[2m)[22m[32m 9[2mms[22m[39m
 [32m✓[39m test/responsive-cdp-runtime.test.ts [2m([22m[2m2 tests[22m[2m)[22m[32m 12[2mms[22m[39m
 [32m✓[39m test/asset-runtime.test.ts [2m([22m[2m3 tests[22m[2m)[22m[32m 12[2mms[22m[39m
 [32m✓[39m test/pixel-ground-truth-runtime.test.ts [2m([22m[2m4 tests[22m[2m)[22m[32m 15[2mms[22m[39m
 [32m✓[39m test/compositing-runtime.test.ts [2m([22m[2m1 test[22m[2m)[22m[32m 21[2mms[22m[39m
 [32m✓[39m test/index.test.ts [2m([22m[2m8 tests[22m[2m)[22m[32m 5[2mms[22m[39m
 [32m✓[39m test/wtf-package-store.test.ts [2m([22m[2m2 tests[22m[2m)[22m[32m 6[2mms[22m[39m
 [32m✓[39m test/snapshot-store.test.ts [2m([22m[2m3 tests[22m[2m)[22m[32m 7[2mms[22m[39m
 [32m✓[39m test/responsive-inference-store.test.ts [2m([22m[2m2 tests[22m[2m)[22m[32m 8[2mms[22m[39m
 [32m✓[39m test/responsive-capture-store.test.ts [2m([22m[2m2 tests[22m[2m)[22m[32m 7[2mms[22m[39m
 [32m✓[39m test/layout-analysis-store.test.ts [2m([22m[2m2 tests[22m[2m)[22m[32m 7[2mms[22m[39m
 [32m✓[39m test/environment-store.test.ts [2m([22m[2m2 tests[22m[2m)[22m[32m 5[2mms[22m[39m
 [32m✓[39m test/pixel-ground-truth-store.test.ts [2m([22m[2m2 tests[22m[2m)[22m[32m 5[2mms[22m[39m
 [32m✓[39m test/table-layout-store.test.ts [2m([22m[2m2 tests[22m[2m)[22m[32m 7[2mms[22m[39m
 [32m✓[39m test/compositing-store.test.ts [2m([22m[2m2 tests[22m[2m)[22m[32m 4[2mms[22m[39m
 [32m✓[39m test/render-tree-store.test.ts [2m([22m[2m2 tests[22m[2m)[22m[32m 4[2mms[22m[39m
 [32m✓[39m test/asset-store.test.ts [2m([22m[2m2 tests[22m[2m)[22m[32m 4[2mms[22m[39m

[2m Test Files [22m [1m[32m26 passed[39m[22m[90m (26)[39m
[2m      Tests [22m [1m[32m70 passed[39m[22m[90m (70)[39m
[2m   Start at [22m 14:46:13
[2m   Duration [22m 2.34s[2m (transform 1.18s, setup 0ms, import 2.04s, tests 318ms, environment 4ms)[22m

::endgroup::

 Tasks:    39 successful, 39 total
Cached:    18 cached, 39 total
  Time:    13.445s 

 WARNING  no output files found for task @w2f/asset-resolver#test. Please check your `outputs` key in `turbo.json`
 WARNING  no output files found for task @w2f/browser-extension#test. Please check your `outputs` key in `turbo.json`
 WARNING  no output files found for task @w2f/capture-core#test. Please check your `outputs` key in `turbo.json`
 WARNING  no output files found for task @w2f/cdp-capture-adapter#test. Please check your `outputs` key in `turbo.json`
 WARNING  no output files found for task @w2f/compositing-engine#test. Please check your `outputs` key in `turbo.json`
 WARNING  no output files found for task @w2f/css-cascade#test. Please check your `outputs` key in `turbo.json`
 WARNING  no output files found for task @w2f/environment-capture#test. Please check your `outputs` key in `turbo.json`
 WARNING  no output files found for task @w2f/figma-plugin#test. Please check your `outputs` key in `turbo.json`
 WARNING  no output files found for task @w2f/layout-analyzer#test. Please check your `outputs` key in `turbo.json`
 WARNING  no output files found for task @w2f/pixel-ground-truth#test. Please check your `outputs` key in `turbo.json`
 WARNING  no output files found for task @w2f/render-tree-optimizer#test. Please check your `outputs` key in `turbo.json`
 WARNING  no output files found for task @w2f/responsive-capture#test. Please check your `outputs` key in `turbo.json`
 WARNING  no output files found for task @w2f/responsive-inference#test. Please check your `outputs` key in `turbo.json`
 WARNING  no output files found for task @w2f/shared-utils#test. Please check your `outputs` key in `turbo.json`
 WARNING  no output files found for task @w2f/source-providers#test. Please check your `outputs` key in `turbo.json`
 WARNING  no output files found for task @w2f/stable-identity#test. Please check your `outputs` key in `turbo.json`
 WARNING  no output files found for task @w2f/standard-capture-adapter#test. Please check your `outputs` key in `turbo.json`
 WARNING  no output files found for task @w2f/table-layout-engine#test. Please check your `outputs` key in `turbo.json`
 WARNING  no output files found for task @w2f/w2f-ir#test. Please check your `outputs` key in `turbo.json`
 WARNING  no output files found for task @w2f/w2f-schema#test. Please check your `outputs` key in `turbo.json`
 WARNING  no output files found for task @w2f/wtf-packager#test. Please check your `outputs` key in `turbo.json`
$ turbo run build

   • Packages in scope: @w2f/asset-resolver, @w2f/browser-extension, @w2f/capture-core, @w2f/cdp-capture-adapter, @w2f/compositing-engine, @w2f/css-cascade, @w2f/environment-capture, @w2f/figma-plugin, @w2f/layout-analyzer, @w2f/pixel-ground-truth, @w2f/render-tree-optimizer, @w2f/responsive-capture, @w2f/responsive-inference, @w2f/shared-utils, @w2f/source-providers, @w2f/stable-identity, @w2f/standard-capture-adapter, @w2f/table-layout-engine, @w2f/w2f-ir, @w2f/w2f-schema, @w2f/wtf-packager
   • Running build in 21 packages
   • Remote caching disabled

::group::@w2f/source-providers:build
cache hit, replaying logs 05a6b49ad6ede1f5
$ tsc -p tsconfig.build.json
::endgroup::
::group::@w2f/w2f-schema:build
cache hit, replaying logs 5017a4674538a0b7
$ tsc -p tsconfig.build.json
::endgroup::
::group::@w2f/w2f-ir:build
cache hit, replaying logs 3980aaf88372acf8
$ tsc -p tsconfig.build.json
::endgroup::
::group::@w2f/pixel-ground-truth:build
cache hit, replaying logs e25595ec8e50ff55
$ tsc -p tsconfig.build.json
::endgroup::
::group::@w2f/wtf-packager:build
cache hit, replaying logs 1b72349c15b968da
$ tsc -p tsconfig.build.json
::endgroup::
::group::@w2f/layout-analyzer:build
cache hit, replaying logs d8d933bacf0effb5
$ tsc -p tsconfig.build.json
::endgroup::
::group::@w2f/responsive-capture:build
cache hit, replaying logs 253059c77c95aee0
$ tsc -p tsconfig.build.json
::endgroup::
::group::@w2f/responsive-inference:build
cache hit, replaying logs c6a8313b6546f7c0
$ tsc -p tsconfig.build.json
::endgroup::
::group::@w2f/css-cascade:build
cache hit, replaying logs bfb1828212276383
$ tsc -p tsconfig.build.json
::endgroup::
::group::@w2f/environment-capture:build
cache hit, replaying logs 53ca33e32f20466d
$ tsc -p tsconfig.build.json
::endgroup::
::group::@w2f/stable-identity:build
cache hit, replaying logs 0a0805903f86aaa6
$ tsc -p tsconfig.build.json
::endgroup::
::group::@w2f/compositing-engine:build
cache hit, replaying logs 1e8b1f99262c4ad4
$ tsc -p tsconfig.build.json
::endgroup::
::group::@w2f/capture-core:build
cache hit, replaying logs 45ad6affe6891ed2
$ tsc -p tsconfig.build.json
::endgroup::
::group::@w2f/cdp-capture-adapter:build
cache hit, replaying logs e12658fcf463fc2f
$ tsc -p tsconfig.build.json
::endgroup::
::group::@w2f/table-layout-engine:build
cache hit, replaying logs 126c2e79fe1509de
$ tsc -p tsconfig.build.json
::endgroup::
::group::@w2f/asset-resolver:build
cache hit, replaying logs d00461a88319d78c
$ tsc -p tsconfig.build.json
::endgroup::
::group::@w2f/render-tree-optimizer:build
cache hit, replaying logs 096d77e2fb74b3c3
$ tsc -p tsconfig.build.json
::endgroup::
::group::@w2f/standard-capture-adapter:build
cache hit, replaying logs dae238a58c736cf4
$ tsc -p tsconfig.build.json
::endgroup::
::group::@w2f/figma-plugin:build
cache miss, executing 2464807937c885d7
$ node scripts/build-plugin.mjs && node scripts/validate-plugin-package.mjs
W2F Figma plugin package built.
Figma plugin package validation passed.
::endgroup::
::group::@w2f/shared-utils:build
cache miss, executing 7d9233f87c0a0f0e
$ tsc -p tsconfig.build.json
::endgroup::
::group::@w2f/browser-extension:build
cache miss, executing 80c1e1d8250fc3da
$ node scripts/clean-extension.mjs && tsc -p tsconfig.build.json && node scripts/package-extension.mjs && node scripts/validate-extension-package.mjs && node scripts/validate-node-13-package.mjs && node scripts/validate-node-14-package.mjs && node scripts/validate-node-15-package.mjs && node scripts/validate-node-16-package.mjs && node scripts/validate-node-17-package.mjs && node scripts/validate-node-18-package.mjs && node scripts/validate-node-19-package.mjs && node scripts/validate-node-20-package.mjs && node scripts/validate-node-21-package.mjs && tsc -p tsconfig.build.json && W2F_BROWSER_PROFILE=high-fidelity node scripts/package-extension.mjs && W2F_BROWSER_PROFILE=high-fidelity node scripts/validate-extension-package.mjs && W2F_BROWSER_PROFILE=high-fidelity node scripts/validate-node-13-package.mjs && W2F_BROWSER_PROFILE=high-fidelity node scripts/validate-node-14-package.mjs && W2F_BROWSER_PROFILE=high-fidelity node scripts/validate-node-15-package.mjs && W2F_BROWSER_PROFILE=high-fidelity node scripts/validate-node-16-package.mjs && W2F_BROWSER_PROFILE=high-fidelity node scripts/validate-node-17-package.mjs && W2F_BROWSER_PROFILE=high-fidelity node scripts/validate-node-18-package.mjs && W2F_BROWSER_PROFILE=high-fidelity node scripts/validate-node-19-package.mjs && W2F_BROWSER_PROFILE=high-fidelity node scripts/validate-node-20-package.mjs && W2F_BROWSER_PROFILE=high-fidelity node scripts/validate-node-21-package.mjs
Browser extension package validation (standard): PASS
NODE-13 Browser asset package validation (standard): PASS
NODE-14 Pixel Ground Truth package validation (standard): PASS
NODE-15 Responsive Capture package validation (standard): PASS
NODE-16 Responsive Inference package validation (standard): PASS
NODE-17 package validation passed (standard).
NODE-18 package validation passed (standard).
NODE-19 package validation passed (standard).
NODE-20 package validation passed (standard).
NODE-21 package validation passed (standard).
Browser extension package validation (high-fidelity): PASS
NODE-13 Browser asset package validation (high-fidelity): PASS
NODE-14 Pixel Ground Truth package validation (high-fidelity): PASS
NODE-15 Responsive Capture package validation (high-fidelity): PASS
NODE-16 Responsive Inference package validation (high-fidelity): PASS
NODE-17 package validation passed (high-fidelity).
NODE-18 package validation passed (high-fidelity).
NODE-19 package validation passed (high-fidelity).
NODE-20 package validation passed (high-fidelity).
NODE-21 package validation passed (high-fidelity).
::endgroup::

 Tasks:    21 successful, 21 total
Cached:    18 cached, 21 total
  Time:    6.293s 

$ prettier --check .
Checking formatting...
[[33mwarn[39m] pnpm-workspace.yaml
[[33mwarn[39m] Code style issues found in the above file. Run Prettier with --write to fix.
[ELIFECYCLE] Command failed with exit code 1.
[ELIFECYCLE] Command failed with exit code 1.
